{
  "job": "f2_positive",
  "formulation": "compact_scalar_v2",
  "s3_positive": true,
  "whole_family_gate_necessary_dominance_relaxation": true,
  "not_a_deployed_witness": true,
  "gate_equivalent_by_orientation_floor": true,
  "s1_word_sort_symmetry": true,
  "count_collapse_is_scalar_dominance_only": true,
  "s2_sharing_dropped": true,
  "variables": 26544,
  "rows": 60781,
  "offset": 3060000000,
  "lifted_prior_dual": {
    "scale": 1000000,
    "nonzero_row_multipliers": [],
    "reduced_cost_box_correction": 0,
    "exact_lower": "102/625"
  },
  "cuts": [],
  "training": false,
  "lp_NOT_CERTIFICATE": {
    "status": 0,
    "message": "Optimization terminated successfully. (HiGHS Status 7: Optimal)"
  },
  "discovered_exact_dual": {
    "scale": 1000000,
    "nonzero_row_multipliers": [],
    "reduced_cost_box_correction": 0,
    "exact_lower": "102/625"
  },
  "milp_NOT_CERTIFICATE": {
    "status": 1,
    "message": "Time limit reached. (HiGHS Status 13: model_status is Time limit reached; primal_status is None)",
    "nodes_reported": null,
    "aggregate_nodes": null,
    "objective": null,
    "bound": null,
    "incumbent_available": false,
    "raw_internal_aggregate_counter": 0,
    "node_usage_known": false
  },
  "warnings": [
    "Unrecognized options detected: {'threads': 1}. These will be passed to HiGHS verbatim.",
    "Unrecognized options detected: {'threads', 'parallel'}. These will be passed to HiGHS verbatim."
  ],
  "elapsed_seconds": 895.2502162999008
}
